nohup: ignoring input
Warning: You are sending unauthenticated requests to the HF Hub. Please set a HF_TOKEN to enable higher rate limits and faster downloads.
Using device: cpu
Loaded 1568958 triples from all .metta files.
Concepts with 10+ properties: 14182
Train: 9927 concepts, Test: 4255 concepts
Loading weights:   0%|          | 0/199 [00:00<?, ?it/s]Loading weights: 100%|██████████| 199/199 [00:00<00:00, 5673.91it/s]
/home/tekleab/TeklitFiles/Q3/conceptBlending/a_quantale_theoretic_approach/extractor/gnn_trainer.py:126: ConstantInputWarning: An input array is constant; the correlation coefficient is not defined.
  corr, _ = spearmanr(pred, target)
Building training graphs...
Building test graphs...
9927 train graphs, 4255 test graphs built.

Starting training...
epoch   0: train 0.0475  test 0.0306  spearman 0.2951
epoch   5: train 0.0395  test 0.0277  spearman 0.3410
epoch  10: train 0.0375  test 0.0266  spearman 0.3547
epoch  15: train 0.0364  test 0.0271  spearman 0.3607
epoch  20: train 0.0358  test 0.0262  spearman 0.3538
epoch  25: train 0.0352  test 0.0266  spearman 0.3596
epoch  30: train 0.0347  test 0.0264  spearman 0.3592
epoch  35: train 0.0343  test 0.0260  spearman 0.3645
epoch  40: train 0.0337  test 0.0267  spearman 0.3520
epoch  45: train 0.0332  test 0.0259  spearman 0.3579
epoch  50: train 0.0330  test 0.0262  spearman 0.3575
epoch  55: train 0.0326  test 0.0261  spearman 0.3585
epoch  60: train 0.0321  test 0.0255  spearman 0.3660
epoch  65: train 0.0316  test 0.0259  spearman 0.3620
epoch  70: train 0.0315  test 0.0257  spearman 0.3530
epoch  75: train 0.0310  test 0.0252  spearman 0.3681
epoch  80: train 0.0307  test 0.0255  spearman 0.3625
epoch  85: train 0.0303  test 0.0260  spearman 0.3652
epoch  90: train 0.0300  test 0.0250  spearman 0.3642
epoch  95: train 0.0298  test 0.0250  spearman 0.3652
epoch 100: train 0.0294  test 0.0254  spearman 0.3576
epoch 105: train 0.0290  test 0.0252  spearman 0.3626
epoch 110: train 0.0288  test 0.0248  spearman 0.3713
epoch 115: train 0.0286  test 0.0254  spearman 0.3551
epoch 120: train 0.0283  test 0.0253  spearman 0.3601
epoch 125: train 0.0280  test 0.0254  spearman 0.3566
epoch 130: train 0.0278  test 0.0249  spearman 0.3687
epoch 135: train 0.0277  test 0.0247  spearman 0.3679
epoch 140: train 0.0274  test 0.0248  spearman 0.3733
epoch 145: train 0.0271  test 0.0250  spearman 0.3702
epoch 150: train 0.0268  test 0.0253  spearman 0.3559
epoch 155: train 0.0266  test 0.0249  spearman 0.3677
epoch 160: train 0.0265  test 0.0250  spearman 0.3679
epoch 165: train 0.0263  test 0.0248  spearman 0.3670
epoch 170: train 0.0261  test 0.0245  spearman 0.3676
epoch 175: train 0.0257  test 0.0246  spearman 0.3696
epoch 180: train 0.0257  test 0.0246  spearman 0.3681
epoch 185: train 0.0255  test 0.0248  spearman 0.3652
epoch 190: train 0.0253  test 0.0247  spearman 0.3689
epoch 195: train 0.0251  test 0.0246  spearman 0.3697
epoch 200: train 0.0248  test 0.0248  spearman 0.3648
epoch 205: train 0.0247  test 0.0247  spearman 0.3673
epoch 210: train 0.0244  test 0.0245  spearman 0.3724
epoch 215: train 0.0242  test 0.0246  spearman 0.3709
epoch 220: train 0.0242  test 0.0245  spearman 0.3713
epoch 225: train 0.0240  test 0.0247  spearman 0.3719
early stopping at epoch 227, best spearman 0.3792 (epoch 177)

✓ Training complete. Best Spearman: 0.3792 at epoch 177
✓ Weights saved to a_quantale_theoretic_approach/extractor/gnn_weights.pth
